Copyright 1986-2022 Xilinx, Inc. All Rights Reserved. Copyright 2022-2024 Advanced Micro Devices, Inc. All Rights Reserved.
------------------------------------------------------------------------------------------------------------------------------------------------------------------------------------------------------
| Tool Version : Vivado v.2024.2 (win64) Build 5239630 Fri Nov 08 22:35:27 MST 2024
| Date         : Fri Oct  2 17:11:40 2026
| Host         : Yarin running 64-bit major release  (build 9200)
| Command      : report_timing_summary -max_paths 10 -report_unconstrained -file alu_timing_summary_routed.rpt -pb alu_timing_summary_routed.pb -rpx alu_timing_summary_routed.rpx -warn_on_violation
| Design       : alu
| Device       : 7a35t-cpg236
| Speed File   : -1  PRODUCTION 1.23 2018-06-13
| Design State : Routed
------------------------------------------------------------------------------------------------------------------------------------------------------------------------------------------------------

Timing Summary Report

------------------------------------------------------------------------------------------------
| Timer Settings
| --------------
------------------------------------------------------------------------------------------------

  Enable Multi Corner Analysis               :  Yes
  Enable Pessimism Removal                   :  Yes
  Pessimism Removal Resolution               :  Nearest Common Node
  Enable Input Delay Default Clock           :  No
  Enable Preset / Clear Arcs                 :  No
  Disable Flight Delays                      :  No
  Ignore I/O Paths                           :  No
  Timing Early Launch at Borrowing Latches   :  No
  Borrow Time for Max Delay Exceptions       :  Yes
  Merge Timing Exceptions                    :  Yes
  Inter-SLR Compensation                     :  Conservative

  Corner  Analyze    Analyze    
  Name    Max Paths  Min Paths  
  ------  ---------  ---------  
  Slow    Yes        Yes        
  Fast    Yes        Yes        


------------------------------------------------------------------------------------------------
| Report Methodology
| ------------------
------------------------------------------------------------------------------------------------

No report available as report_methodology has not been run prior. Run report_methodology on the current design for the summary of methodology violations.



check_timing report

Table of Contents
-----------------
1. checking no_clock (0)
2. checking constant_clock (0)
3. checking pulse_width_clock (0)
4. checking unconstrained_internal_endpoints (0)
5. checking no_input_delay (0)
6. checking no_output_delay (0)
7. checking multiple_clock (0)
8. checking generated_clocks (0)
9. checking loops (0)
10. checking partial_input_delay (0)
11. checking partial_output_delay (0)
12. checking latch_loops (0)

1. checking no_clock (0)
------------------------
 There are 0 register/latch pins with no clock.


2. checking constant_clock (0)
------------------------------
 There are 0 register/latch pins with constant_clock.


3. checking pulse_width_clock (0)
---------------------------------
 There are 0 register/latch pins which need pulse_width check


4. checking unconstrained_internal_endpoints (0)
------------------------------------------------
 There are 0 pins that are not constrained for maximum delay.

 There are 0 pins that are not constrained for maximum delay due to constant clock.


5. checking no_input_delay (0)
------------------------------
 There are 0 input ports with no input delay specified.

 There are 0 input ports with no input delay but user has a false path constraint.


6. checking no_output_delay (0)
-------------------------------
 There are 0 ports with no output delay specified.

 There are 0 ports with no output delay but user has a false path constraint

 There are 0 ports with no output delay but with a timing clock defined on it or propagating through it


7. checking multiple_clock (0)
------------------------------
 There are 0 register/latch pins with multiple clocks.


8. checking generated_clocks (0)
--------------------------------
 There are 0 generated clocks that are not connected to a clock source.


9. checking loops (0)
---------------------
 There are 0 combinational loops in the design.


10. checking partial_input_delay (0)
------------------------------------
 There are 0 input ports with partial input delay specified.


11. checking partial_output_delay (0)
-------------------------------------
 There are 0 ports with partial output delay specified.


12. checking latch_loops (0)
----------------------------
 There are 0 combinational latch loops in the design through latch input



------------------------------------------------------------------------------------------------
| Design Timing Summary
| ---------------------
------------------------------------------------------------------------------------------------

    WNS(ns)      TNS(ns)  TNS Failing Endpoints  TNS Total Endpoints      WHS(ns)      THS(ns)  THS Failing Endpoints  THS Total Endpoints     WPWS(ns)     TPWS(ns)  TPWS Failing Endpoints  TPWS Total Endpoints  
    -------      -------  ---------------------  -------------------      -------      -------  ---------------------  -------------------     --------     --------  ----------------------  --------------------  
        inf        0.000                      0                    9          inf        0.000                      0                    9           NA           NA                      NA                    NA  


There are no user specified timing constraints.


------------------------------------------------------------------------------------------------
| Clock Summary
| -------------
------------------------------------------------------------------------------------------------


------------------------------------------------------------------------------------------------
| Intra Clock Table
| -----------------
------------------------------------------------------------------------------------------------

Clock             WNS(ns)      TNS(ns)  TNS Failing Endpoints  TNS Total Endpoints      WHS(ns)      THS(ns)  THS Failing Endpoints  THS Total Endpoints     WPWS(ns)     TPWS(ns)  TPWS Failing Endpoints  TPWS Total Endpoints  
-----             -------      -------  ---------------------  -------------------      -------      -------  ---------------------  -------------------     --------     --------  ----------------------  --------------------  


------------------------------------------------------------------------------------------------
| Inter Clock Table
| -----------------
------------------------------------------------------------------------------------------------

From Clock    To Clock          WNS(ns)      TNS(ns)  TNS Failing Endpoints  TNS Total Endpoints      WHS(ns)      THS(ns)  THS Failing Endpoints  THS Total Endpoints  
----------    --------          -------      -------  ---------------------  -------------------      -------      -------  ---------------------  -------------------  


------------------------------------------------------------------------------------------------
| Other Path Groups Table
| -----------------------
------------------------------------------------------------------------------------------------

Path Group    From Clock    To Clock          WNS(ns)      TNS(ns)  TNS Failing Endpoints  TNS Total Endpoints      WHS(ns)      THS(ns)  THS Failing Endpoints  THS Total Endpoints  
----------    ----------    --------          -------      -------  ---------------------  -------------------      -------      -------  ---------------------  -------------------  


------------------------------------------------------------------------------------------------
| User Ignored Path Table
| -----------------------
------------------------------------------------------------------------------------------------

Path Group    From Clock    To Clock    
----------    ----------    --------    


------------------------------------------------------------------------------------------------
| Unconstrained Path Table
| ------------------------
------------------------------------------------------------------------------------------------

Path Group    From Clock    To Clock    
----------    ----------    --------    
(none)                                    


------------------------------------------------------------------------------------------------
| Timing Details
| --------------
------------------------------------------------------------------------------------------------


--------------------------------------------------------------------------------------
Path Group:  (none)
From Clock:  
  To Clock:  

Max Delay             9 Endpoints
Min Delay             9 Endpoints
--------------------------------------------------------------------------------------


Max Delay Paths
--------------------------------------------------------------------------------------
Slack:                    inf
  Source:                 operation[2]
                            (input port)
  Destination:            zero
                            (output port)
  Path Group:             (none)
  Path Type:              Max at Slow Process Corner
  Data Path Delay:        13.414ns  (logic 5.331ns (39.738%)  route 8.084ns (60.262%))
  Logic Levels:           5  (IBUF=1 LUT4=1 LUT6=2 OBUF=1)

    Location             Delay type                Incr(ns)  Path(ns)    Netlist Resource(s)
  -------------------------------------------------------------------    -------------------
    T2                                                0.000     0.000 r  operation[2] (IN)
                         net (fo=0)                   0.000     0.000    operation[2]
    T2                   IBUF (Prop_ibuf_I_O)         1.458     1.458 r  operation_IBUF[2]_inst/O
                         net (fo=9, routed)           4.449     5.907    operation_IBUF[2]
    SLICE_X0Y12          LUT6 (Prop_lut6_I1_O)        0.124     6.031 f  out_put_OBUF[0]_inst_i_1/O
                         net (fo=2, routed)           0.730     6.761    out_put_OBUF[0]
    SLICE_X1Y12          LUT4 (Prop_lut4_I0_O)        0.124     6.885 f  zero_OBUF_inst_i_2/O
                         net (fo=1, routed)           0.828     7.713    zero_OBUF_inst_i_2_n_0
    SLICE_X2Y11          LUT6 (Prop_lut6_I5_O)        0.124     7.837 r  zero_OBUF_inst_i_1/O
                         net (fo=1, routed)           2.076     9.913    zero_OBUF
    V14                  OBUF (Prop_obuf_I_O)         3.501    13.414 r  zero_OBUF_inst/O
                         net (fo=0)                   0.000    13.414    zero
    V14                                                               r  zero (OUT)
  -------------------------------------------------------------------    -------------------

Slack:                    inf
  Source:                 operation[2]
                            (input port)
  Destination:            overflow
                            (output port)
  Path Group:             (none)
  Path Type:              Max at Slow Process Corner
  Data Path Delay:        13.081ns  (logic 5.446ns (41.633%)  route 7.635ns (58.367%))
  Logic Levels:           4  (IBUF=1 LUT2=1 LUT6=1 OBUF=1)

    Location             Delay type                Incr(ns)  Path(ns)    Netlist Resource(s)
  -------------------------------------------------------------------    -------------------
    T2                                                0.000     0.000 f  operation[2] (IN)
                         net (fo=0)                   0.000     0.000    operation[2]
    T2                   IBUF (Prop_ibuf_I_O)         1.458     1.458 f  operation_IBUF[2]_inst/O
                         net (fo=9, routed)           4.864     6.322    operation_IBUF[2]
    SLICE_X1Y12          LUT2 (Prop_lut2_I0_O)        0.150     6.472 f  overflow_OBUF_inst_i_3/O
                         net (fo=1, routed)           0.694     7.166    overflow_OBUF_inst_i_3_n_0
    SLICE_X0Y12          LUT6 (Prop_lut6_I5_O)        0.332     7.498 r  overflow_OBUF_inst_i_1/O
                         net (fo=1, routed)           2.077     9.575    overflow_OBUF
    U14                  OBUF (Prop_obuf_I_O)         3.506    13.081 r  overflow_OBUF_inst/O
                         net (fo=0)                   0.000    13.081    overflow
    U14                                                               r  overflow (OUT)
  -------------------------------------------------------------------    -------------------

Slack:                    inf
  Source:                 operation[1]
                            (input port)
  Destination:            out_put[1]
                            (output port)
  Path Group:             (none)
  Path Type:              Max at Slow Process Corner
  Data Path Delay:        12.466ns  (logic 5.498ns (44.104%)  route 6.968ns (55.896%))
  Logic Levels:           4  (IBUF=1 LUT6=1 MUXF7=1 OBUF=1)

    Location             Delay type                Incr(ns)  Path(ns)    Netlist Resource(s)
  -------------------------------------------------------------------    -------------------
    T3                                                0.000     0.000 r  operation[1] (IN)
                         net (fo=0)                   0.000     0.000    operation[1]
    T3                   IBUF (Prop_ibuf_I_O)         1.452     1.452 r  operation_IBUF[1]_inst/O
                         net (fo=10, routed)          4.261     5.713    operation_IBUF[1]
    SLICE_X1Y12          LUT6 (Prop_lut6_I2_O)        0.124     5.837 r  out_put_OBUF[1]_inst_i_3/O
                         net (fo=2, routed)           0.000     5.837    out_put_OBUF[1]_inst_i_3_n_0
    SLICE_X1Y12          MUXF7 (Prop_muxf7_I1_O)      0.217     6.054 r  out_put_OBUF[1]_inst_i_1/O
                         net (fo=1, routed)           2.707     8.761    out_put_OBUF[1]
    E19                  OBUF (Prop_obuf_I_O)         3.705    12.466 r  out_put_OBUF[1]_inst/O
                         net (fo=0)                   0.000    12.466    out_put[1]
    E19                                                               r  out_put[1] (OUT)
  -------------------------------------------------------------------    -------------------

Slack:                    inf
  Source:                 operation[1]
                            (input port)
  Destination:            negative
                            (output port)
  Path Group:             (none)
  Path Type:              Max at Slow Process Corner
  Data Path Delay:        12.039ns  (logic 5.492ns (45.621%)  route 6.547ns (54.379%))
  Logic Levels:           4  (IBUF=1 LUT6=1 MUXF7=1 OBUF=1)

    Location             Delay type                Incr(ns)  Path(ns)    Netlist Resource(s)
  -------------------------------------------------------------------    -------------------
    T3                                                0.000     0.000 r  operation[1] (IN)
                         net (fo=0)                   0.000     0.000    operation[1]
    T3                   IBUF (Prop_ibuf_I_O)         1.452     1.452 r  operation_IBUF[1]_inst/O
                         net (fo=10, routed)          4.506     5.958    operation_IBUF[1]
    SLICE_X1Y11          LUT6 (Prop_lut6_I0_O)        0.124     6.082 r  out_put_OBUF[3]_inst_i_2/O
                         net (fo=2, routed)           0.000     6.082    out_put_OBUF[3]_inst_i_2_n_0
    SLICE_X1Y11          MUXF7 (Prop_muxf7_I0_O)      0.238     6.320 r  out_put_OBUF[3]_inst_i_1/O
                         net (fo=2, routed)           2.041     8.361    negative_OBUF
    V13                  OBUF (Prop_obuf_I_O)         3.678    12.039 r  negative_OBUF_inst/O
                         net (fo=0)                   0.000    12.039    negative
    V13                                                               r  negative (OUT)
  -------------------------------------------------------------------    -------------------

Slack:                    inf
  Source:                 operation[1]
                            (input port)
  Destination:            out_put[3]
                            (output port)
  Path Group:             (none)
  Path Type:              Max at Slow Process Corner
  Data Path Delay:        11.891ns  (logic 5.497ns (46.230%)  route 6.394ns (53.770%))
  Logic Levels:           4  (IBUF=1 LUT6=1 MUXF7=1 OBUF=1)

    Location             Delay type                Incr(ns)  Path(ns)    Netlist Resource(s)
  -------------------------------------------------------------------    -------------------
    T3                                                0.000     0.000 r  operation[1] (IN)
                         net (fo=0)                   0.000     0.000    operation[1]
    T3                   IBUF (Prop_ibuf_I_O)         1.452     1.452 r  operation_IBUF[1]_inst/O
                         net (fo=10, routed)          4.506     5.958    operation_IBUF[1]
    SLICE_X1Y11          LUT6 (Prop_lut6_I0_O)        0.124     6.082 r  out_put_OBUF[3]_inst_i_2/O
                         net (fo=2, routed)           0.000     6.082    out_put_OBUF[3]_inst_i_2_n_0
    SLICE_X1Y11          MUXF7 (Prop_muxf7_I0_O)      0.238     6.320 r  out_put_OBUF[3]_inst_i_1/O
                         net (fo=2, routed)           1.888     8.208    negative_OBUF
    V19                  OBUF (Prop_obuf_I_O)         3.683    11.891 r  out_put_OBUF[3]_inst/O
                         net (fo=0)                   0.000    11.891    out_put[3]
    V19                                                               r  out_put[3] (OUT)
  -------------------------------------------------------------------    -------------------

Slack:                    inf
  Source:                 operation[1]
                            (input port)
  Destination:            out_put[2]
                            (output port)
  Path Group:             (none)
  Path Type:              Max at Slow Process Corner
  Data Path Delay:        11.887ns  (logic 5.469ns (46.010%)  route 6.418ns (53.990%))
  Logic Levels:           4  (IBUF=1 LUT6=1 MUXF7=1 OBUF=1)

    Location             Delay type                Incr(ns)  Path(ns)    Netlist Resource(s)
  -------------------------------------------------------------------    -------------------
    T3                                                0.000     0.000 r  operation[1] (IN)
                         net (fo=0)                   0.000     0.000    operation[1]
    T3                   IBUF (Prop_ibuf_I_O)         1.452     1.452 r  operation_IBUF[1]_inst/O
                         net (fo=10, routed)          4.491     5.943    operation_IBUF[1]
    SLICE_X1Y11          LUT6 (Prop_lut6_I2_O)        0.124     6.067 r  out_put_OBUF[2]_inst_i_3/O
                         net (fo=2, routed)           0.000     6.067    out_put_OBUF[2]_inst_i_3_n_0
    SLICE_X1Y11          MUXF7 (Prop_muxf7_I1_O)      0.217     6.284 r  out_put_OBUF[2]_inst_i_1/O
                         net (fo=1, routed)           1.927     8.211    out_put_OBUF[2]
    U19                  OBUF (Prop_obuf_I_O)         3.676    11.887 r  out_put_OBUF[2]_inst/O
                         net (fo=0)                   0.000    11.887    out_put[2]
    U19                                                               r  out_put[2] (OUT)
  -------------------------------------------------------------------    -------------------

Slack:                    inf
  Source:                 operation[2]
                            (input port)
  Destination:            out_put[0]
                            (output port)
  Path Group:             (none)
  Path Type:              Max at Slow Process Corner
  Data Path Delay:        11.836ns  (logic 5.087ns (42.976%)  route 6.749ns (57.024%))
  Logic Levels:           3  (IBUF=1 LUT6=1 OBUF=1)

    Location             Delay type                Incr(ns)  Path(ns)    Netlist Resource(s)
  -------------------------------------------------------------------    -------------------
    T2                                                0.000     0.000 r  operation[2] (IN)
                         net (fo=0)                   0.000     0.000    operation[2]
    T2                   IBUF (Prop_ibuf_I_O)         1.458     1.458 r  operation_IBUF[2]_inst/O
                         net (fo=9, routed)           4.449     5.907    operation_IBUF[2]
    SLICE_X0Y12          LUT6 (Prop_lut6_I1_O)        0.124     6.031 r  out_put_OBUF[0]_inst_i_1/O
                         net (fo=2, routed)           2.300     8.331    out_put_OBUF[0]
    U16                  OBUF (Prop_obuf_I_O)         3.505    11.836 r  out_put_OBUF[0]_inst/O
                         net (fo=0)                   0.000    11.836    out_put[0]
    U16                                                               r  out_put[0] (OUT)
  -------------------------------------------------------------------    -------------------

Slack:                    inf
  Source:                 operation[0]
                            (input port)
  Destination:            carry
                            (output port)
  Path Group:             (none)
  Path Type:              Max at Slow Process Corner
  Data Path Delay:        11.387ns  (logic 5.087ns (44.673%)  route 6.300ns (55.327%))
  Logic Levels:           3  (IBUF=1 LUT6=1 OBUF=1)

    Location             Delay type                Incr(ns)  Path(ns)    Netlist Resource(s)
  -------------------------------------------------------------------    -------------------
    V2                                                0.000     0.000 f  operation[0] (IN)
                         net (fo=0)                   0.000     0.000    operation[0]
    V2                   IBUF (Prop_ibuf_I_O)         1.454     1.454 f  operation_IBUF[0]_inst/O
                         net (fo=10, routed)          4.449     5.904    operation_IBUF[0]
    SLICE_X0Y12          LUT6 (Prop_lut6_I4_O)        0.124     6.028 r  carry_OBUF_inst_i_1/O
                         net (fo=1, routed)           1.851     7.879    carry_OBUF
    W18                  OBUF (Prop_obuf_I_O)         3.509    11.387 r  carry_OBUF_inst/O
                         net (fo=0)                   0.000    11.387    carry
    W18                                                               r  carry (OUT)
  -------------------------------------------------------------------    -------------------

Slack:                    inf
  Source:                 operation[1]
                            (input port)
  Destination:            borrow
                            (output port)
  Path Group:             (none)
  Path Type:              Max at Slow Process Corner
  Data Path Delay:        11.306ns  (logic 5.091ns (45.028%)  route 6.215ns (54.972%))
  Logic Levels:           3  (IBUF=1 LUT6=1 OBUF=1)

    Location             Delay type                Incr(ns)  Path(ns)    Netlist Resource(s)
  -------------------------------------------------------------------    -------------------
    T3                                                0.000     0.000 f  operation[1] (IN)
                         net (fo=0)                   0.000     0.000    operation[1]
    T3                   IBUF (Prop_ibuf_I_O)         1.452     1.452 f  operation_IBUF[1]_inst/O
                         net (fo=10, routed)          4.341     5.793    operation_IBUF[1]
    SLICE_X0Y11          LUT6 (Prop_lut6_I0_O)        0.124     5.917 r  borrow_OBUF_inst_i_1/O
                         net (fo=1, routed)           1.874     7.791    borrow_OBUF
    U15                  OBUF (Prop_obuf_I_O)         3.514    11.306 r  borrow_OBUF_inst/O
                         net (fo=0)                   0.000    11.306    borrow
    U15                                                               r  borrow (OUT)
  -------------------------------------------------------------------    -------------------





Min Delay Paths
--------------------------------------------------------------------------------------
Slack:                    inf
  Source:                 A[3]
                            (input port)
  Destination:            borrow
                            (output port)
  Path Group:             (none)
  Path Type:              Min at Fast Process Corner
  Data Path Delay:        2.313ns  (logic 1.477ns (63.872%)  route 0.836ns (36.128%))
  Logic Levels:           3  (IBUF=1 LUT6=1 OBUF=1)

    Location             Delay type                Incr(ns)  Path(ns)    Netlist Resource(s)
  -------------------------------------------------------------------    -------------------
    W17                                               0.000     0.000 f  A[3] (IN)
                         net (fo=0)                   0.000     0.000    A[3]
    W17                  IBUF (Prop_ibuf_I_O)         0.217     0.217 f  A_IBUF[3]_inst/O
                         net (fo=7, routed)           0.414     0.631    A_IBUF[3]
    SLICE_X0Y11          LUT6 (Prop_lut6_I3_O)        0.045     0.676 r  borrow_OBUF_inst_i_1/O
                         net (fo=1, routed)           0.421     1.097    borrow_OBUF
    U15                  OBUF (Prop_obuf_I_O)         1.216     2.313 r  borrow_OBUF_inst/O
                         net (fo=0)                   0.000     2.313    borrow
    U15                                                               r  borrow (OUT)
  -------------------------------------------------------------------    -------------------

Slack:                    inf
  Source:                 B[3]
                            (input port)
  Destination:            carry
                            (output port)
  Path Group:             (none)
  Path Type:              Min at Fast Process Corner
  Data Path Delay:        2.421ns  (logic 1.482ns (61.201%)  route 0.939ns (38.799%))
  Logic Levels:           3  (IBUF=1 LUT6=1 OBUF=1)

    Location             Delay type                Incr(ns)  Path(ns)    Netlist Resource(s)
  -------------------------------------------------------------------    -------------------
    W13                                               0.000     0.000 r  B[3] (IN)
                         net (fo=0)                   0.000     0.000    B[3]
    W13                  IBUF (Prop_ibuf_I_O)         0.227     0.227 r  B_IBUF[3]_inst/O
                         net (fo=6, routed)           0.528     0.755    B_IBUF[3]
    SLICE_X0Y12          LUT6 (Prop_lut6_I2_O)        0.045     0.800 r  carry_OBUF_inst_i_1/O
                         net (fo=1, routed)           0.411     1.211    carry_OBUF
    W18                  OBUF (Prop_obuf_I_O)         1.210     2.421 r  carry_OBUF_inst/O
                         net (fo=0)                   0.000     2.421    carry
    W18                                                               r  carry (OUT)
  -------------------------------------------------------------------    -------------------

Slack:                    inf
  Source:                 A[1]
                            (input port)
  Destination:            out_put[2]
                            (output port)
  Path Group:             (none)
  Path Type:              Min at Fast Process Corner
  Data Path Delay:        2.428ns  (logic 1.604ns (66.070%)  route 0.824ns (33.930%))
  Logic Levels:           4  (IBUF=1 LUT6=1 MUXF7=1 OBUF=1)

    Location             Delay type                Incr(ns)  Path(ns)    Netlist Resource(s)
  -------------------------------------------------------------------    -------------------
    V16                                               0.000     0.000 r  A[1] (IN)
                         net (fo=0)                   0.000     0.000    A[1]
    V16                  IBUF (Prop_ibuf_I_O)         0.229     0.229 r  A_IBUF[1]_inst/O
                         net (fo=9, routed)           0.382     0.612    A_IBUF[1]
    SLICE_X1Y11          LUT6 (Prop_lut6_I1_O)        0.045     0.657 r  out_put_OBUF[2]_inst_i_3/O
                         net (fo=2, routed)           0.000     0.657    out_put_OBUF[2]_inst_i_3_n_0
    SLICE_X1Y11          MUXF7 (Prop_muxf7_I1_O)      0.065     0.722 r  out_put_OBUF[2]_inst_i_1/O
                         net (fo=1, routed)           0.442     1.163    out_put_OBUF[2]
    U19                  OBUF (Prop_obuf_I_O)         1.265     2.428 r  out_put_OBUF[2]_inst/O
                         net (fo=0)                   0.000     2.428    out_put[2]
    U19                                                               r  out_put[2] (OUT)
  -------------------------------------------------------------------    -------------------

Slack:                    inf
  Source:                 A[3]
                            (input port)
  Destination:            overflow
                            (output port)
  Path Group:             (none)
  Path Type:              Min at Fast Process Corner
  Data Path Delay:        2.494ns  (logic 1.469ns (58.896%)  route 1.025ns (41.104%))
  Logic Levels:           3  (IBUF=1 LUT6=1 OBUF=1)

    Location             Delay type                Incr(ns)  Path(ns)    Netlist Resource(s)
  -------------------------------------------------------------------    -------------------
    W17                                               0.000     0.000 r  A[3] (IN)
                         net (fo=0)                   0.000     0.000    A[3]
    W17                  IBUF (Prop_ibuf_I_O)         0.217     0.217 r  A_IBUF[3]_inst/O
                         net (fo=7, routed)           0.519     0.736    A_IBUF[3]
    SLICE_X0Y12          LUT6 (Prop_lut6_I1_O)        0.045     0.781 r  overflow_OBUF_inst_i_1/O
                         net (fo=1, routed)           0.506     1.287    overflow_OBUF
    U14                  OBUF (Prop_obuf_I_O)         1.207     2.494 r  overflow_OBUF_inst/O
                         net (fo=0)                   0.000     2.494    overflow
    U14                                                               r  overflow (OUT)
  -------------------------------------------------------------------    -------------------

Slack:                    inf
  Source:                 B[0]
                            (input port)
  Destination:            out_put[0]
                            (output port)
  Path Group:             (none)
  Path Type:              Min at Fast Process Corner
  Data Path Delay:        2.500ns  (logic 1.470ns (58.792%)  route 1.030ns (41.208%))
  Logic Levels:           3  (IBUF=1 LUT6=1 OBUF=1)

    Location             Delay type                Incr(ns)  Path(ns)    Netlist Resource(s)
  -------------------------------------------------------------------    -------------------
    W15                                               0.000     0.000 r  B[0] (IN)
                         net (fo=0)                   0.000     0.000    B[0]
    W15                  IBUF (Prop_ibuf_I_O)         0.219     0.219 r  B_IBUF[0]_inst/O
                         net (fo=7, routed)           0.441     0.660    B_IBUF[0]
    SLICE_X0Y12          LUT6 (Prop_lut6_I5_O)        0.045     0.705 r  out_put_OBUF[0]_inst_i_1/O
                         net (fo=2, routed)           0.589     1.294    out_put_OBUF[0]
    U16                  OBUF (Prop_obuf_I_O)         1.206     2.500 r  out_put_OBUF[0]_inst/O
                         net (fo=0)                   0.000     2.500    out_put[0]
    U16                                                               r  out_put[0] (OUT)
  -------------------------------------------------------------------    -------------------

Slack:                    inf
  Source:                 A[3]
                            (input port)
  Destination:            out_put[3]
                            (output port)
  Path Group:             (none)
  Path Type:              Min at Fast Process Corner
  Data Path Delay:        2.523ns  (logic 1.606ns (63.639%)  route 0.917ns (36.361%))
  Logic Levels:           4  (IBUF=1 LUT6=1 MUXF7=1 OBUF=1)

    Location             Delay type                Incr(ns)  Path(ns)    Netlist Resource(s)
  -------------------------------------------------------------------    -------------------
    W17                                               0.000     0.000 r  A[3] (IN)
                         net (fo=0)                   0.000     0.000    A[3]
    W17                  IBUF (Prop_ibuf_I_O)         0.217     0.217 r  A_IBUF[3]_inst/O
                         net (fo=7, routed)           0.472     0.688    A_IBUF[3]
    SLICE_X1Y11          LUT6 (Prop_lut6_I5_O)        0.045     0.733 r  out_put_OBUF[3]_inst_i_2/O
                         net (fo=2, routed)           0.000     0.733    out_put_OBUF[3]_inst_i_2_n_0
    SLICE_X1Y11          MUXF7 (Prop_muxf7_I0_O)      0.071     0.804 r  out_put_OBUF[3]_inst_i_1/O
                         net (fo=2, routed)           0.446     1.250    negative_OBUF
    V19                  OBUF (Prop_obuf_I_O)         1.273     2.523 r  out_put_OBUF[3]_inst/O
                         net (fo=0)                   0.000     2.523    out_put[3]
    V19                                                               r  out_put[3] (OUT)
  -------------------------------------------------------------------    -------------------

Slack:                    inf
  Source:                 A[3]
                            (input port)
  Destination:            negative
                            (output port)
  Path Group:             (none)
  Path Type:              Min at Fast Process Corner
  Data Path Delay:        2.577ns  (logic 1.601ns (62.116%)  route 0.976ns (37.884%))
  Logic Levels:           4  (IBUF=1 LUT6=1 MUXF7=1 OBUF=1)

    Location             Delay type                Incr(ns)  Path(ns)    Netlist Resource(s)
  -------------------------------------------------------------------    -------------------
    W17                                               0.000     0.000 r  A[3] (IN)
                         net (fo=0)                   0.000     0.000    A[3]
    W17                  IBUF (Prop_ibuf_I_O)         0.217     0.217 r  A_IBUF[3]_inst/O
                         net (fo=7, routed)           0.472     0.688    A_IBUF[3]
    SLICE_X1Y11          LUT6 (Prop_lut6_I5_O)        0.045     0.733 r  out_put_OBUF[3]_inst_i_2/O
                         net (fo=2, routed)           0.000     0.733    out_put_OBUF[3]_inst_i_2_n_0
    SLICE_X1Y11          MUXF7 (Prop_muxf7_I0_O)      0.071     0.804 r  out_put_OBUF[3]_inst_i_1/O
                         net (fo=2, routed)           0.505     1.309    negative_OBUF
    V13                  OBUF (Prop_obuf_I_O)         1.268     2.577 r  negative_OBUF_inst/O
                         net (fo=0)                   0.000     2.577    negative
    V13                                                               r  negative (OUT)
  -------------------------------------------------------------------    -------------------

Slack:                    inf
  Source:                 A[3]
                            (input port)
  Destination:            zero
                            (output port)
  Path Group:             (none)
  Path Type:              Min at Fast Process Corner
  Data Path Delay:        2.589ns  (logic 1.508ns (58.255%)  route 1.081ns (41.745%))
  Logic Levels:           4  (IBUF=1 LUT6=2 OBUF=1)

    Location             Delay type                Incr(ns)  Path(ns)    Netlist Resource(s)
  -------------------------------------------------------------------    -------------------
    W17                                               0.000     0.000 r  A[3] (IN)
                         net (fo=0)                   0.000     0.000    A[3]
    W17                  IBUF (Prop_ibuf_I_O)         0.217     0.217 r  A_IBUF[3]_inst/O
                         net (fo=7, routed)           0.472     0.688    A_IBUF[3]
    SLICE_X1Y11          LUT6 (Prop_lut6_I5_O)        0.045     0.733 f  out_put_OBUF[3]_inst_i_2/O
                         net (fo=2, routed)           0.101     0.834    out_put_OBUF[3]_inst_i_2_n_0
    SLICE_X2Y11          LUT6 (Prop_lut6_I4_O)        0.045     0.879 r  zero_OBUF_inst_i_1/O
                         net (fo=1, routed)           0.508     1.388    zero_OBUF
    V14                  OBUF (Prop_obuf_I_O)         1.202     2.589 r  zero_OBUF_inst/O
                         net (fo=0)                   0.000     2.589    zero
    V14                                                               r  zero (OUT)
  -------------------------------------------------------------------    -------------------

Slack:                    inf
  Source:                 A[1]
                            (input port)
  Destination:            out_put[1]
                            (output port)
  Path Group:             (none)
  Path Type:              Min at Fast Process Corner
  Data Path Delay:        2.842ns  (logic 1.630ns (57.353%)  route 1.212ns (42.647%))
  Logic Levels:           4  (IBUF=1 LUT6=1 MUXF7=1 OBUF=1)

    Location             Delay type                Incr(ns)  Path(ns)    Netlist Resource(s)
  -------------------------------------------------------------------    -------------------
    V16                                               0.000     0.000 r  A[1] (IN)
                         net (fo=0)                   0.000     0.000    A[1]
    V16                  IBUF (Prop_ibuf_I_O)         0.229     0.229 r  A_IBUF[1]_inst/O
                         net (fo=9, routed)           0.418     0.647    A_IBUF[1]
    SLICE_X1Y12          LUT6 (Prop_lut6_I5_O)        0.045     0.692 r  out_put_OBUF[1]_inst_i_2/O
                         net (fo=2, routed)           0.000     0.692    out_put_OBUF[1]_inst_i_2_n_0
    SLICE_X1Y12          MUXF7 (Prop_muxf7_I0_O)      0.062     0.754 r  out_put_OBUF[1]_inst_i_1/O
                         net (fo=1, routed)           0.794     1.548    out_put_OBUF[1]
    E19                  OBUF (Prop_obuf_I_O)         1.294     2.842 r  out_put_OBUF[1]_inst/O
                         net (fo=0)                   0.000     2.842    out_put[1]
    E19                                                               r  out_put[1] (OUT)
  -------------------------------------------------------------------    -------------------





